============================= test session starts =============================
platform win32 -- Python 3.13.3, pytest-9.0.2, pluggy-1.6.0 -- C:\Users\yhvh\Documents\code\Olav\.venv\Scripts\python.exe
cachedir: .pytest_cache
rootdir: C:\Users\yhvh\Documents\code\Olav
configfile: pyproject.toml
plugins: anyio-4.12.1, langsmith-0.6.1, asyncio-1.3.0, cov-7.0.0
asyncio: mode=Mode.AUTO, debug=False, asyncio_default_fixture_loop_scope=None, asyncio_default_test_loop_scope=function
collecting ... collected 1 item

tests/e2e/test_phase1_mvp.py::TestPhase1QuickQuery::test_list_devices PASSED [100%]

============================= 1 passed in 18.56s ==============================
